// Jest Snapshot v1, https://goo.gl/fbAQLP

exports[`PasswordInput matches snapshot 1`] = `
<div
  className="sc-jSMfEi bQrDqy sc-ksZaOG cRa-dNN"
  data-testid="test-password-input"
  direction="column"
>
  <label
    className="sc-papXJ daxRFt"
    data-testid="input-label-password"
    htmlFor="test-password"
  >
    Password
  </label>
  <input
    className="sc-ftvSup dLJLzu"
    data-testid="input-field-password"
    id="test-password"
    name="test-password"
    type="password"
  />
</div>
`;
