// Jest Snapshot v1, https://goo.gl/fbAQLP

exports[`SignUpForm should match snapshot 1`] = `
<form
  data-testid="signup-form-test-id"
  onSubmit={[Function]}
>
  <div
    className="sc-jSMfEi bQrDqy sc-idiyUo wwKtw"
    data-testid="flex-signup-form-test-id"
    direction="column"
  >
    <div
      className="sc-jSMfEi bQrDqy sc-breuTD jjaaRC"
      data-testid="email-input-signup-form-test-id"
      direction="column"
    >
      <label
        className="sc-papXJ daxRFt"
        data-testid="input-label-email-test-id"
        htmlFor="email"
      >
        Email
      </label>
      <input
        className="sc-ftvSup dLJLzu"
        data-testid="input-field-email-test-id"
        id="email"
        name="email"
        type="email"
      />
    </div>
    <div
      className="sc-jSMfEi bQrDqy sc-ksZaOG cRa-dNN"
      data-testid="password-input-signup-form-test-id"
      direction="column"
    >
      <label
        className="sc-papXJ daxRFt"
        data-testid="input-label-password-test-id"
        htmlFor="password"
      >
        Password
      </label>
      <input
        className="sc-ftvSup dLJLzu"
        data-testid="input-field-password-test-id"
        id="password"
        name="password"
        type="password"
      />
    </div>
    <button
      className="sc-bczRLJ jXOWFG"
      data-testid="btn-submit-signup-test-id"
      type="submit"
    >
      Sign Up
    </button>
  </div>
</form>
`;
