// Jest Snapshot v1, https://goo.gl/fbAQLP

exports[`LoginTemplate matches snapshot 1`] = `
<main
  className="sc-dIouRR LRUwC"
  data-testid="test-login-template"
>
  <div
    className="sc-jSMfEi bQrDqy sc-hHLeRK jMMdQ"
    data-testid="flex-login-template"
    direction="column"
  >
    <header
      data-testid="auth-header-login-template"
    >
      <h1
        className="sc-gKXOVf zAjwy"
        data-testid="auth-heading"
      >
        Login Header
      </h1>
    </header>
    <form
      data-testid="login-form"
      onSubmit={[Function]}
    >
      <div
        className="sc-jSMfEi bQrDqy sc-hAZoDl bWsHpL"
        data-testid="flex-login-form"
        direction="column"
      >
        <div
          className="sc-jSMfEi bQrDqy sc-breuTD jjaaRC"
          data-testid="email-input-login-form"
          direction="column"
        >
          <label
            className="sc-papXJ daxRFt"
            data-testid="input-label-email"
            htmlFor="email"
          >
            Email
          </label>
          <input
            className="sc-ftvSup dLJLzu"
            data-testid="input-field-email"
            id="email"
            name="email"
            type="email"
          />
        </div>
        <div
          className="sc-jSMfEi bQrDqy sc-fnykZs hELmKH"
          data-testid="flex-login-form-password-control"
          direction="column"
        >
          <div
            className="sc-jSMfEi bQrDqy sc-ksZaOG cRa-dNN"
            data-testid="password-input-login-form"
            direction="column"
          >
            <label
              className="sc-papXJ daxRFt"
              data-testid="input-label-password"
              htmlFor="password"
            >
              Password
            </label>
            <input
              className="sc-ftvSup dLJLzu"
              data-testid="input-field-password"
              id="password"
              name="password"
              type="password"
            />
          </div>
          <div
            className="sc-jSMfEi iChCMC sc-fEOsli dPSjkT"
            data-testid="flex-login-form-checkbox"
            direction="row"
          >
            <input
              className="sc-gsnTZi kVuJZl"
              data-testid="remember-password-checkbox"
              id="rememberPassword"
              name="rememberPassword"
              type="checkbox"
            />
            <label
              className="sc-papXJ daxRFt"
              data-testid="input-label-remember-password-checkbox"
              htmlFor="rememberPassword"
            >
              Remember me?
            </label>
          </div>
        </div>
        <button
          className="sc-bczRLJ jXOWFG"
          data-testid="btn-submit-login"
          type="submit"
        >
          Login
        </button>
        <button
          className="sc-jqUVSM ebpvV sc-bjUoiL hqHESO"
          data-testid="btn-reset-password"
          onClick={[MockFunction]}
          type="button"
        >
          Forgot Password?
        </button>
      </div>
    </form>
    <div
      className="sc-dkzDqf fBSlBa"
      data-testid="divider-login"
    >
      <div
        className="sc-hKMtZM cJojKy"
      />
      <span
        className="sc-eCYdqJ fGmLST"
      >
        OR
      </span>
    </div>
    <div
      className="sc-jSMfEi iChCMC sc-evZas fBPmfS"
      data-testid="auth-socials-login-template"
      direction="row"
    >
      <button
        className="sc-iBkjds cxbDaZ"
        color="#DB4437"
        data-testid="icon-btn-Google"
        onClick={[MockFunction]}
        type="button"
      >
        G
      </button>
      <button
        className="sc-iBkjds bqhZzF"
        color="#4267B2"
        data-testid="icon-btn-Facebook"
        onClick={[MockFunction]}
        type="button"
      >
        f
      </button>
      <button
        className="sc-iBkjds hAqsSt"
        color="#0077B5"
        data-testid="icon-btn-LinkedIn"
        onClick={[MockFunction]}
        type="button"
      >
        in
      </button>
    </div>
    <footer
      className="sc-kDDrLX kktpMP"
      data-testid="auth-footer-login-template"
    >
      <div
        className="sc-jSMfEi iChCMC sc-crXcEl bUmuaF"
        data-testid="flex-footer"
        direction="row"
      >
        <p>
          Login Footer
        </p>
        <button
          className="sc-jqUVSM ebpvV sc-iqcoie bPYbbt"
          data-testid="btn-footer"
          onClick={[MockFunction]}
          type="button"
        >
          Login Footer Button
        </button>
      </div>
    </footer>
  </div>
</main>
`;
