// Jest Snapshot v1, https://goo.gl/fbAQLP

exports[`EmailInput should match snapshot 1`] = `
<div
  className="sc-jSMfEi bQrDqy sc-breuTD jjaaRC"
  data-testid="email-input-test-id"
  direction="column"
>
  <label
    className="sc-papXJ daxRFt"
    data-testid="input-label-email-test-id"
    htmlFor="test-email"
  >
    Email
  </label>
  <input
    className="sc-ftvSup dLJLzu"
    data-testid="input-field-email-test-id"
    id="test-email"
    name="test-email"
    type="email"
  />
</div>
`;
