// Jest Snapshot v1, https://goo.gl/fbAQLP

exports[`AuthFooter should match snapshot 1`] = `
<footer
  className="sc-kDDrLX kktpMP"
  data-testid="auth-footer-test-id"
>
  <div
    className="sc-jSMfEi iChCMC sc-crXcEl bUmuaF"
    data-testid="flex-footer-test-id"
    direction="row"
  >
    <p>
      Footer Text
    </p>
    <button
      className="sc-jqUVSM ebpvV sc-iqcoie bPYbbt"
      data-testid="btn-footer-test-id"
      onClick={[MockFunction]}
      type="button"
    >
      Footer Button
    </button>
  </div>
</footer>
`;
